test io
test io
test io
test io
test io
--test